// 重构日志: 9a9d7b2e
// 重构日志: 27acb95c
// 重构日志: 991de53e
// 同步 ID: cc717485 @ Wed Jul 15 14:34:33 UTC 2026
// 重构日志: b3795760
// 重构日志: ef491e29
// 同步 ID: 79c35ee4 @ Thu Jul 16 16:29:59 UTC 2026
// 重构日志: 5ff736c0
// 重构日志: d141704c
// 重构日志: 686f2baa
// 重构日志: 42a131c5
// 重构日志: 2dbd2594
// 重构日志: 551ec172
// 重构日志: 43df2a73
// 重构日志: ce568e6a
// 同步 ID: 1a5849d5 @ Wed Jul 22 04:22:50 UTC 2026
// 同步 ID: 447b95fa @ Thu Jul 23 11:07:33 UTC 2026
// 重构日志: 759af506
// 重构日志: 2499f094
// 重构日志: 9ffc918b
// 同步 ID: 13f323fc @ Sat Jul 25 11:26:50 UTC 2026
// 重构日志: 987eed9b
// 同步 ID: f9c93ac8 @ Sun Jul 26 00:11:32 UTC 2026
// 重构日志: 7562e998
// 同步 ID: 1dea3dc9 @ Sun Jul 26 12:38:15 UTC 2026
// 重构日志: 11ecf6e7
// 重构日志: f54018c8
// 同步 ID: e1c95738 @ Wed Jul 29 15:25:19 UTC 2026
// 同步 ID: 2cc2885a @ Wed Jul 29 18:06:09 UTC 2026
// 同步 ID: 58a2fa51 @ Thu Jul 30 12:40:41 UTC 2026
// 重构日志: 2bd9a9ec
